Collecting sentence-transformers==2.7.0
  Downloading sentence_transformers-2.7.0-py3-none-any.whl.metadata (11 kB)
Collecting transformers<5.0.0,>=4.34.0 (from sentence-transformers==2.7.0)
  Downloading transformers-4.46.1-py3-none-any.whl.metadata (44 kB)
Collecting tqdm (from sentence-transformers==2.7.0)
  Downloading tqdm-4.66.6-py3-none-any.whl.metadata (57 kB)
Collecting torch>=1.11.0 (from sentence-transformers==2.7.0)
  Downloading torch-2.5.1-cp311-cp311-win_amd64.whl.metadata (28 kB)
Collecting numpy (from sentence-transformers==2.7.0)
  Downloading numpy-1.26.4-cp311-cp311-win_amd64.whl.metadata (61 kB)
Collecting scikit-learn (from sentence-transformers==2.7.0)
  Downloading scikit_learn-1.5.2-cp311-cp311-win_amd64.whl.metadata (13 kB)
Collecting scipy (from sentence-transformers==2.7.0)
  Downloading scipy-1.14.1-cp311-cp311-win_amd64.whl.metadata (60 kB)
Collecting huggingface-hub>=0.15.1 (from sentence-transformers==2.7.0)
  Downloading huggingface_hub-0.26.2-py3-none-any.whl.metadata (13 kB)
Collecting Pillow (from sentence-transformers==2.7.0)
  Downloading pillow-10.4.0-cp311-cp311-win_amd64.whl.metadata (9.3 kB)
Collecting filelock (from transformers<5.0.0,>=4.34.0->sentence-transformers==2.7.0)
  Downloading filelock-3.16.1-py3-none-any.whl.metadata (2.9 kB)
Collecting packaging>=20.0 (from transformers<5.0.0,>=4.34.0->sentence-transformers==2.7.0)
  Downloading packaging-24.1-py3-none-any.whl.metadata (3.2 kB)
Collecting pyyaml>=5.1 (from transformers<5.0.0,>=4.34.0->sentence-transformers==2.7.0)
  Downloading PyYAML-6.0.2-cp311-cp311-win_amd64.whl.metadata (2.1 kB)
Collecting regex!=2019.12.17 (from transformers<5.0.0,>=4.34.0->sentence-transformers==2.7.0)
  Downloading regex-2024.9.11-cp311-cp311-win_amd64.whl.metadata (41 kB)
Collecting requests (from transformers<5.0.0,>=4.34.0->sentence-transformers==2.7.0)
  Downloading requests-2.32.3-py3-none-any.whl.metadata (4.6 kB)
Collecting safetensors>=0.4.1 (from transformers<5.0.0,>=4.34.0->sentence-transformers==2.7.0)
  Downloading safetensors-0.4.5-cp311-none-win_amd64.whl.metadata (3.9 kB)
Collecting tokenizers<0.21,>=0.20 (from transformers<5.0.0,>=4.34.0->sentence-transformers==2.7.0)
  Downloading tokenizers-0.20.1-cp311-none-win_amd64.whl.metadata (6.9 kB)
Collecting fsspec>=2023.5.0 (from huggingface-hub>=0.15.1->sentence-transformers==2.7.0)
  Downloading fsspec-2024.10.0-py3-none-any.whl.metadata (11 kB)
Collecting typing-extensions>=3.7.4.3 (from huggingface-hub>=0.15.1->sentence-transformers==2.7.0)
  Downloading typing_extensions-4.12.2-py3-none-any.whl.metadata (3.0 kB)
Collecting networkx (from torch>=1.11.0->sentence-transformers==2.7.0)
  Downloading networkx-3.4.2-py3-none-any.whl.metadata (6.3 kB)
Collecting jinja2 (from torch>=1.11.0->sentence-transformers==2.7.0)
  Downloading jinja2-3.1.4-py3-none-any.whl.metadata (2.6 kB)
Collecting sympy==1.13.1 (from torch>=1.11.0->sentence-transformers==2.7.0)
  Downloading sympy-1.13.1-py3-none-any.whl.metadata (12 kB)
Collecting mpmath<1.4,>=1.1.0 (from sympy==1.13.1->torch>=1.11.0->sentence-transformers==2.7.0)
  Downloading mpmath-1.3.0-py3-none-any.whl.metadata (8.6 kB)
Collecting colorama (from tqdm->sentence-transformers==2.7.0)
  Downloading colorama-0.4.6-py2.py3-none-any.whl.metadata (17 kB)
Collecting MarkupSafe>=2.0 (from jinja2->torch>=1.11.0->sentence-transformers==2.7.0)
  Downloading MarkupSafe-3.0.2-cp311-cp311-win_amd64.whl.metadata (4.1 kB)
Collecting charset-normalizer<4,>=2 (from requests->transformers<5.0.0,>=4.34.0->sentence-transformers==2.7.0)
  Downloading charset_normalizer-3.4.0-cp311-cp311-win_amd64.whl.metadata (34 kB)
Collecting idna<4,>=2.5 (from requests->transformers<5.0.0,>=4.34.0->sentence-transformers==2.7.0)
  Downloading idna-3.10-py3-none-any.whl.metadata (10 kB)
Collecting urllib3<3,>=1.21.1 (from requests->transformers<5.0.0,>=4.34.0->sentence-transformers==2.7.0)
  Downloading urllib3-2.2.3-py3-none-any.whl.metadata (6.5 kB)
Collecting certifi>=2017.4.17 (from requests->transformers<5.0.0,>=4.34.0->sentence-transformers==2.7.0)
  Downloading certifi-2024.8.30-py3-none-any.whl.metadata (2.2 kB)
Collecting joblib>=1.2.0 (from scikit-learn->sentence-transformers==2.7.0)
  Downloading joblib-1.4.2-py3-none-any.whl.metadata (5.4 kB)
Collecting threadpoolctl>=3.1.0 (from scikit-learn->sentence-transformers==2.7.0)
  Downloading threadpoolctl-3.5.0-py3-none-any.whl.metadata (13 kB)
Downloading sentence_transformers-2.7.0-py3-none-any.whl (171 kB)
Downloading transformers-4.46.1-py3-none-any.whl (10.0 MB)
   ---------------------------------------- 10.0/10.0 MB 9.9 MB/s  0:00:01
Downloading huggingface_hub-0.26.2-py3-none-any.whl (447 kB)
Downloading tokenizers-0.20.1-cp311-none-win_amd64.whl (2.4 MB)
   ---------------------------------------- 2.4/2.4 MB 15.2 MB/s  0:00:00
Downloading fsspec-2024.10.0-py3-none-any.whl (179 kB)
Downloading numpy-1.26.4-cp311-cp311-win_amd64.whl (15.8 MB)
   ---------------------------------------- 15.8/15.8 MB 15.3 MB/s  0:00:01
Downloading packaging-24.1-py3-none-any.whl (53 kB)
Downloading PyYAML-6.0.2-cp311-cp311-win_amd64.whl (161 kB)
Downloading regex-2024.9.11-cp311-cp311-win_amd64.whl (274 kB)
Downloading safetensors-0.4.5-cp311-none-win_amd64.whl (285 kB)
Downloading torch-2.5.1-cp311-cp311-win_amd64.whl (203.1 MB)
   ---------------------------------------- 203.1/203.1 MB 14.8 MB/s  0:00:13
Downloading sympy-1.13.1-py3-none-any.whl (6.2 MB)
   ---------------------------------------- 6.2/6.2 MB 15.8 MB/s  0:00:00
Downloading mpmath-1.3.0-py3-none-any.whl (536 kB)
   ---------------------------------------- 536.2/536.2 kB 18.3 MB/s  0:00:00
Downloading tqdm-4.66.6-py3-none-any.whl (78 kB)
Downloading typing_extensions-4.12.2-py3-none-any.whl (37 kB)
Downloading colorama-0.4.6-py2.py3-none-any.whl (25 kB)
Downloading filelock-3.16.1-py3-none-any.whl (16 kB)
Downloading jinja2-3.1.4-py3-none-any.whl (133 kB)
Downloading MarkupSafe-3.0.2-cp311-cp311-win_amd64.whl (15 kB)
Downloading networkx-3.4.2-py3-none-any.whl (1.7 MB)
   ---------------------------------------- 1.7/1.7 MB 15.7 MB/s  0:00:00
Downloading pillow-10.4.0-cp311-cp311-win_amd64.whl (2.6 MB)
   ---------------------------------------- 2.6/2.6 MB 16.4 MB/s  0:00:00
Downloading requests-2.32.3-py3-none-any.whl (64 kB)
Downloading charset_normalizer-3.4.0-cp311-cp311-win_amd64.whl (101 kB)
Downloading idna-3.10-py3-none-any.whl (70 kB)
Downloading urllib3-2.2.3-py3-none-any.whl (126 kB)
Downloading certifi-2024.8.30-py3-none-any.whl (167 kB)
Downloading scikit_learn-1.5.2-cp311-cp311-win_amd64.whl (11.0 MB)
   ---------------------------------------- 11.0/11.0 MB 15.3 MB/s  0:00:00
Downloading joblib-1.4.2-py3-none-any.whl (301 kB)
Downloading scipy-1.14.1-cp311-cp311-win_amd64.whl (44.8 MB)
   ---------------------------------------- 44.8/44.8 MB 14.4 MB/s  0:00:03
Downloading threadpoolctl-3.5.0-py3-none-any.whl (18 kB)
Saved .\wheels\sentence_transformers-2.7.0-py3-none-any.whl
Saved .\wheels\transformers-4.46.1-py3-none-any.whl
Saved .\wheels\huggingface_hub-0.26.2-py3-none-any.whl
Saved .\wheels\tokenizers-0.20.1-cp311-none-win_amd64.whl
Saved .\wheels\fsspec-2024.10.0-py3-none-any.whl
Saved .\wheels\numpy-1.26.4-cp311-cp311-win_amd64.whl
Saved .\wheels\packaging-24.1-py3-none-any.whl
Saved .\wheels\PyYAML-6.0.2-cp311-cp311-win_amd64.whl
Saved .\wheels\regex-2024.9.11-cp311-cp311-win_amd64.whl
Saved .\wheels\safetensors-0.4.5-cp311-none-win_amd64.whl
Saved .\wheels\torch-2.5.1-cp311-cp311-win_amd64.whl
Saved .\wheels\sympy-1.13.1-py3-none-any.whl
Saved .\wheels\mpmath-1.3.0-py3-none-any.whl
Saved .\wheels\tqdm-4.66.6-py3-none-any.whl
Saved .\wheels\typing_extensions-4.12.2-py3-none-any.whl
Saved .\wheels\colorama-0.4.6-py2.py3-none-any.whl
Saved .\wheels\filelock-3.16.1-py3-none-any.whl
Saved .\wheels\jinja2-3.1.4-py3-none-any.whl
Saved .\wheels\MarkupSafe-3.0.2-cp311-cp311-win_amd64.whl
Saved .\wheels\networkx-3.4.2-py3-none-any.whl
Saved .\wheels\pillow-10.4.0-cp311-cp311-win_amd64.whl
Saved .\wheels\requests-2.32.3-py3-none-any.whl
Saved .\wheels\charset_normalizer-3.4.0-cp311-cp311-win_amd64.whl
Saved .\wheels\idna-3.10-py3-none-any.whl
Saved .\wheels\urllib3-2.2.3-py3-none-any.whl
Saved .\wheels\certifi-2024.8.30-py3-none-any.whl
Saved .\wheels\scikit_learn-1.5.2-cp311-cp311-win_amd64.whl
Saved .\wheels\joblib-1.4.2-py3-none-any.whl
Saved .\wheels\scipy-1.14.1-cp311-cp311-win_amd64.whl
Saved .\wheels\threadpoolctl-3.5.0-py3-none-any.whl
Successfully downloaded sentence-transformers transformers huggingface-hub tokenizers fsspec numpy packaging pyyaml regex safetensors torch sympy mpmath tqdm typing-extensions colorama filelock jinja2 MarkupSafe networkx Pillow requests charset-normalizer idna urllib3 certifi scikit-learn joblib scipy threadpoolctl
